2025-09-14 17:05:30,702 - __main__ - INFO - Logging configured: level=INFO, dir=logs
2025-09-14 17:05:30,703 - __main__ - INFO - Starting STDMS - Satellite Telemetry Data Management System
2025-09-14 17:05:30,703 - __main__ - INFO - Applied system configuration: log_level=INFO
2025-09-14 17:05:30,711 - storage - INFO - Database schema created successfully
2025-09-14 17:05:30,711 - storage - INFO - Database initialized at C:\Users\Elnur\Desktop\STDMS\telemetry_monitor\data\telemetry.db
2025-09-14 17:05:30,712 - ingestion - INFO - Database storage enabled for simulator
2025-09-14 17:05:47,190 - anomaly - INFO - Models loaded successfully
2025-09-14 17:05:47,191 - ingestion - INFO - ML anomaly detection enabled for simulator
2025-09-14 17:05:47,233 - alerts - INFO - Alert processing loop started
2025-09-14 17:05:47,234 - alerts - INFO - Smart alert system started
2025-09-14 17:05:53,298 - ConfigurationManager - INFO - Settings saved to C:\Users\Elnur\Desktop\STDMS\telemetry_monitor\config\app_settings.json
2025-09-14 17:05:58,295 - ConfigurationManager - INFO - Settings saved to C:\Users\Elnur\Desktop\STDMS\telemetry_monitor\config\app_settings.json
2025-09-14 17:06:03,289 - ConfigurationManager - INFO - Settings saved to C:\Users\Elnur\Desktop\STDMS\telemetry_monitor\config\app_settings.json
2025-09-14 17:06:08,293 - ConfigurationManager - INFO - Settings saved to C:\Users\Elnur\Desktop\STDMS\telemetry_monitor\config\app_settings.json
2025-09-14 17:06:13,106 - ConfigurationManager - INFO - Settings reset to defaults
2025-09-14 17:06:13,284 - ConfigurationManager - INFO - Settings saved to C:\Users\Elnur\Desktop\STDMS\telemetry_monitor\config\app_settings.json
2025-09-14 17:06:18,301 - ConfigurationManager - INFO - Settings saved to C:\Users\Elnur\Desktop\STDMS\telemetry_monitor\config\app_settings.json
2025-09-14 17:06:23,311 - ConfigurationManager - INFO - Settings saved to C:\Users\Elnur\Desktop\STDMS\telemetry_monitor\config\app_settings.json
2025-09-14 17:06:23,921 - storage - INFO - Background storage loop started
2025-09-14 17:06:23,921 - storage - INFO - Background storage service started
2025-09-14 17:06:23,921 - ingestion - INFO - Database storage service started
2025-09-14 17:06:23,923 - ingestion - INFO - Starting telemetry simulation loop
2025-09-14 17:06:23,923 - ingestion - INFO - Telemetry simulator started
2025-09-14 17:06:23,923 - anomaly - ERROR - Anomaly prediction failed: No models trained yet
2025-09-14 17:06:23,924 - __main__ - INFO - Telemetry simulator started
2025-09-14 17:06:23,924 - anomaly - ERROR - Anomaly prediction failed: No models trained yet
2025-09-14 17:06:23,925 - anomaly - ERROR - Anomaly prediction failed: No models trained yet
2025-09-14 17:06:23,925 - anomaly - ERROR - Anomaly prediction failed: No models trained yet
2025-09-14 17:06:25,927 - anomaly - ERROR - Anomaly prediction failed: No models trained yet
2025-09-14 17:06:25,927 - anomaly - ERROR - Anomaly prediction failed: No models trained yet
2025-09-14 17:06:25,928 - anomaly - ERROR - Anomaly prediction failed: No models trained yet
2025-09-14 17:06:25,929 - anomaly - ERROR - Anomaly prediction failed: No models trained yet
2025-09-14 17:06:27,930 - anomaly - ERROR - Anomaly prediction failed: No models trained yet
2025-09-14 17:06:27,930 - anomaly - ERROR - Anomaly prediction failed: No models trained yet
2025-09-14 17:06:27,931 - anomaly - ERROR - Anomaly prediction failed: No models trained yet
2025-09-14 17:06:27,931 - anomaly - ERROR - Anomaly prediction failed: No models trained yet
2025-09-14 17:06:28,311 - ConfigurationManager - INFO - Settings saved to C:\Users\Elnur\Desktop\STDMS\telemetry_monitor\config\app_settings.json
2025-09-14 17:06:29,933 - anomaly - ERROR - Anomaly prediction failed: No models trained yet
2025-09-14 17:06:29,934 - anomaly - ERROR - Anomaly prediction failed: No models trained yet
2025-09-14 17:06:29,934 - anomaly - ERROR - Anomaly prediction failed: No models trained yet
2025-09-14 17:06:29,935 - anomaly - ERROR - Anomaly prediction failed: No models trained yet
2025-09-14 17:06:31,936 - anomaly - ERROR - Anomaly prediction failed: No models trained yet
2025-09-14 17:06:31,937 - anomaly - ERROR - Anomaly prediction failed: No models trained yet
2025-09-14 17:06:31,937 - anomaly - ERROR - Anomaly prediction failed: No models trained yet
2025-09-14 17:06:31,938 - anomaly - ERROR - Anomaly prediction failed: No models trained yet
2025-09-14 17:06:33,310 - ConfigurationManager - INFO - Settings saved to C:\Users\Elnur\Desktop\STDMS\telemetry_monitor\config\app_settings.json
2025-09-14 17:06:33,939 - anomaly - ERROR - Anomaly prediction failed: No models trained yet
2025-09-14 17:06:33,940 - anomaly - ERROR - Anomaly prediction failed: No models trained yet
2025-09-14 17:06:33,940 - anomaly - ERROR - Anomaly prediction failed: No models trained yet
2025-09-14 17:06:33,940 - anomaly - ERROR - Anomaly prediction failed: No models trained yet
2025-09-14 17:06:35,941 - anomaly - ERROR - Anomaly prediction failed: No models trained yet
2025-09-14 17:06:35,942 - anomaly - ERROR - Anomaly prediction failed: No models trained yet
2025-09-14 17:06:35,942 - anomaly - ERROR - Anomaly prediction failed: No models trained yet
2025-09-14 17:06:35,942 - anomaly - ERROR - Anomaly prediction failed: No models trained yet
2025-09-14 17:06:37,944 - anomaly - ERROR - Anomaly prediction failed: No models trained yet
2025-09-14 17:06:37,944 - anomaly - ERROR - Anomaly prediction failed: No models trained yet
2025-09-14 17:06:37,945 - anomaly - ERROR - Anomaly prediction failed: No models trained yet
2025-09-14 17:06:37,945 - anomaly - ERROR - Anomaly prediction failed: No models trained yet
2025-09-14 17:06:38,348 - ConfigurationManager - INFO - Settings saved to C:\Users\Elnur\Desktop\STDMS\telemetry_monitor\config\app_settings.json
2025-09-14 17:06:39,946 - anomaly - ERROR - Anomaly prediction failed: No models trained yet
2025-09-14 17:06:39,947 - anomaly - ERROR - Anomaly prediction failed: No models trained yet
2025-09-14 17:06:39,947 - anomaly - ERROR - Anomaly prediction failed: No models trained yet
2025-09-14 17:06:39,948 - anomaly - ERROR - Anomaly prediction failed: No models trained yet
2025-09-14 17:06:41,949 - anomaly - ERROR - Anomaly prediction failed: No models trained yet
2025-09-14 17:06:41,950 - anomaly - ERROR - Anomaly prediction failed: No models trained yet
2025-09-14 17:06:41,950 - anomaly - ERROR - Anomaly prediction failed: No models trained yet
2025-09-14 17:06:41,950 - anomaly - ERROR - Anomaly prediction failed: No models trained yet
2025-09-14 17:06:42,552 - RealTimeVisualizationWidget - INFO - Time range changed to 1 minutes
2025-09-14 17:06:43,324 - ConfigurationManager - INFO - Settings saved to C:\Users\Elnur\Desktop\STDMS\telemetry_monitor\config\app_settings.json
2025-09-14 17:06:43,952 - anomaly - ERROR - Anomaly prediction failed: No models trained yet
2025-09-14 17:06:43,952 - anomaly - ERROR - Anomaly prediction failed: No models trained yet
2025-09-14 17:06:43,953 - anomaly - ERROR - Anomaly prediction failed: No models trained yet
2025-09-14 17:06:43,953 - anomaly - ERROR - Anomaly prediction failed: No models trained yet
2025-09-14 17:06:45,955 - anomaly - ERROR - Anomaly prediction failed: No models trained yet
2025-09-14 17:06:45,955 - anomaly - ERROR - Anomaly prediction failed: No models trained yet
2025-09-14 17:06:45,955 - anomaly - ERROR - Anomaly prediction failed: No models trained yet
2025-09-14 17:06:45,956 - anomaly - ERROR - Anomaly prediction failed: No models trained yet
2025-09-14 17:06:47,957 - anomaly - ERROR - Anomaly prediction failed: No models trained yet
2025-09-14 17:06:47,957 - anomaly - ERROR - Anomaly prediction failed: No models trained yet
2025-09-14 17:06:47,958 - anomaly - ERROR - Anomaly prediction failed: No models trained yet
2025-09-14 17:06:47,958 - anomaly - ERROR - Anomaly prediction failed: No models trained yet
2025-09-14 17:06:48,327 - ConfigurationManager - INFO - Settings saved to C:\Users\Elnur\Desktop\STDMS\telemetry_monitor\config\app_settings.json
2025-09-14 17:06:49,960 - anomaly - ERROR - Anomaly prediction failed: No models trained yet
2025-09-14 17:06:49,961 - anomaly - ERROR - Anomaly prediction failed: No models trained yet
2025-09-14 17:06:49,961 - anomaly - ERROR - Anomaly prediction failed: No models trained yet
2025-09-14 17:06:49,962 - anomaly - ERROR - Anomaly prediction failed: No models trained yet
2025-09-14 17:06:51,963 - anomaly - ERROR - Anomaly prediction failed: No models trained yet
2025-09-14 17:06:51,963 - anomaly - ERROR - Anomaly prediction failed: No models trained yet
2025-09-14 17:06:51,964 - anomaly - ERROR - Anomaly prediction failed: No models trained yet
2025-09-14 17:06:51,964 - anomaly - ERROR - Anomaly prediction failed: No models trained yet
2025-09-14 17:06:53,350 - ConfigurationManager - INFO - Settings saved to C:\Users\Elnur\Desktop\STDMS\telemetry_monitor\config\app_settings.json
2025-09-14 17:06:53,965 - anomaly - ERROR - Anomaly prediction failed: No models trained yet
2025-09-14 17:06:53,965 - anomaly - ERROR - Anomaly prediction failed: No models trained yet
2025-09-14 17:06:53,965 - anomaly - ERROR - Anomaly prediction failed: No models trained yet
2025-09-14 17:06:53,966 - anomaly - ERROR - Anomaly prediction failed: No models trained yet
2025-09-14 17:06:55,967 - anomaly - ERROR - Anomaly prediction failed: No models trained yet
2025-09-14 17:06:55,968 - anomaly - ERROR - Anomaly prediction failed: No models trained yet
2025-09-14 17:06:55,968 - anomaly - ERROR - Anomaly prediction failed: No models trained yet
2025-09-14 17:06:55,968 - anomaly - ERROR - Anomaly prediction failed: No models trained yet
2025-09-14 17:06:57,969 - anomaly - ERROR - Anomaly prediction failed: No models trained yet
2025-09-14 17:06:57,970 - anomaly - ERROR - Anomaly prediction failed: No models trained yet
2025-09-14 17:06:57,970 - anomaly - ERROR - Anomaly prediction failed: No models trained yet
2025-09-14 17:06:57,970 - anomaly - ERROR - Anomaly prediction failed: No models trained yet
2025-09-14 17:06:58,351 - ConfigurationManager - INFO - Settings saved to C:\Users\Elnur\Desktop\STDMS\telemetry_monitor\config\app_settings.json
2025-09-14 17:06:59,971 - anomaly - ERROR - Anomaly prediction failed: No models trained yet
2025-09-14 17:06:59,972 - anomaly - ERROR - Anomaly prediction failed: No models trained yet
2025-09-14 17:06:59,973 - anomaly - ERROR - Anomaly prediction failed: No models trained yet
2025-09-14 17:06:59,973 - anomaly - ERROR - Anomaly prediction failed: No models trained yet
2025-09-14 17:07:01,974 - anomaly - ERROR - Anomaly prediction failed: No models trained yet
2025-09-14 17:07:01,975 - anomaly - ERROR - Anomaly prediction failed: No models trained yet
2025-09-14 17:07:01,975 - anomaly - ERROR - Anomaly prediction failed: No models trained yet
2025-09-14 17:07:01,975 - anomaly - ERROR - Anomaly prediction failed: No models trained yet
2025-09-14 17:07:03,355 - ConfigurationManager - INFO - Settings saved to C:\Users\Elnur\Desktop\STDMS\telemetry_monitor\config\app_settings.json
2025-09-14 17:07:03,976 - anomaly - ERROR - Anomaly prediction failed: No models trained yet
2025-09-14 17:07:03,977 - anomaly - ERROR - Anomaly prediction failed: No models trained yet
2025-09-14 17:07:03,977 - anomaly - ERROR - Anomaly prediction failed: No models trained yet
2025-09-14 17:07:03,977 - anomaly - ERROR - Anomaly prediction failed: No models trained yet
2025-09-14 17:07:05,978 - anomaly - ERROR - Anomaly prediction failed: No models trained yet
2025-09-14 17:07:05,978 - anomaly - ERROR - Anomaly prediction failed: No models trained yet
2025-09-14 17:07:05,978 - anomaly - ERROR - Anomaly prediction failed: No models trained yet
2025-09-14 17:07:05,979 - anomaly - ERROR - Anomaly prediction failed: No models trained yet
2025-09-14 17:07:07,980 - anomaly - ERROR - Anomaly prediction failed: No models trained yet
2025-09-14 17:07:07,981 - anomaly - ERROR - Anomaly prediction failed: No models trained yet
2025-09-14 17:07:07,981 - anomaly - ERROR - Anomaly prediction failed: No models trained yet
2025-09-14 17:07:07,981 - anomaly - ERROR - Anomaly prediction failed: No models trained yet
2025-09-14 17:07:08,355 - ConfigurationManager - INFO - Settings saved to C:\Users\Elnur\Desktop\STDMS\telemetry_monitor\config\app_settings.json
2025-09-14 17:07:09,983 - anomaly - ERROR - Anomaly prediction failed: No models trained yet
2025-09-14 17:07:09,983 - anomaly - ERROR - Anomaly prediction failed: No models trained yet
2025-09-14 17:07:09,984 - anomaly - ERROR - Anomaly prediction failed: No models trained yet
2025-09-14 17:07:09,984 - anomaly - ERROR - Anomaly prediction failed: No models trained yet
2025-09-14 17:07:11,985 - anomaly - ERROR - Anomaly prediction failed: No models trained yet
2025-09-14 17:07:11,985 - anomaly - ERROR - Anomaly prediction failed: No models trained yet
2025-09-14 17:07:11,986 - anomaly - ERROR - Anomaly prediction failed: No models trained yet
2025-09-14 17:07:11,986 - anomaly - ERROR - Anomaly prediction failed: No models trained yet
2025-09-14 17:07:13,356 - ConfigurationManager - INFO - Settings saved to C:\Users\Elnur\Desktop\STDMS\telemetry_monitor\config\app_settings.json
2025-09-14 17:07:13,987 - anomaly - ERROR - Anomaly prediction failed: No models trained yet
2025-09-14 17:07:13,988 - anomaly - ERROR - Anomaly prediction failed: No models trained yet
2025-09-14 17:07:13,988 - anomaly - ERROR - Anomaly prediction failed: No models trained yet
2025-09-14 17:07:13,988 - anomaly - ERROR - Anomaly prediction failed: No models trained yet
2025-09-14 17:07:15,989 - anomaly - ERROR - Anomaly prediction failed: No models trained yet
2025-09-14 17:07:15,990 - anomaly - ERROR - Anomaly prediction failed: No models trained yet
2025-09-14 17:07:15,990 - anomaly - ERROR - Anomaly prediction failed: No models trained yet
2025-09-14 17:07:15,991 - anomaly - ERROR - Anomaly prediction failed: No models trained yet
2025-09-14 17:07:17,992 - anomaly - ERROR - Anomaly prediction failed: No models trained yet
2025-09-14 17:07:17,992 - anomaly - ERROR - Anomaly prediction failed: No models trained yet
2025-09-14 17:07:17,992 - anomaly - ERROR - Anomaly prediction failed: No models trained yet
2025-09-14 17:07:17,993 - anomaly - ERROR - Anomaly prediction failed: No models trained yet
2025-09-14 17:07:18,356 - ConfigurationManager - INFO - Settings saved to C:\Users\Elnur\Desktop\STDMS\telemetry_monitor\config\app_settings.json
2025-09-14 17:07:19,993 - anomaly - ERROR - Anomaly prediction failed: No models trained yet
2025-09-14 17:07:19,994 - anomaly - ERROR - Anomaly prediction failed: No models trained yet
2025-09-14 17:07:19,994 - anomaly - ERROR - Anomaly prediction failed: No models trained yet
2025-09-14 17:07:19,994 - anomaly - ERROR - Anomaly prediction failed: No models trained yet
2025-09-14 17:07:21,995 - anomaly - ERROR - Anomaly prediction failed: No models trained yet
2025-09-14 17:07:21,996 - anomaly - ERROR - Anomaly prediction failed: No models trained yet
2025-09-14 17:07:21,996 - anomaly - ERROR - Anomaly prediction failed: No models trained yet
2025-09-14 17:07:21,997 - anomaly - ERROR - Anomaly prediction failed: No models trained yet
2025-09-14 17:07:23,371 - ConfigurationManager - INFO - Settings saved to C:\Users\Elnur\Desktop\STDMS\telemetry_monitor\config\app_settings.json
2025-09-14 17:07:23,997 - anomaly - ERROR - Anomaly prediction failed: No models trained yet
2025-09-14 17:07:23,998 - anomaly - ERROR - Anomaly prediction failed: No models trained yet
2025-09-14 17:07:23,998 - anomaly - ERROR - Anomaly prediction failed: No models trained yet
2025-09-14 17:07:23,999 - anomaly - ERROR - Anomaly prediction failed: No models trained yet
2025-09-14 17:07:26,000 - anomaly - ERROR - Anomaly prediction failed: No models trained yet
2025-09-14 17:07:26,000 - anomaly - ERROR - Anomaly prediction failed: No models trained yet
2025-09-14 17:07:26,001 - anomaly - ERROR - Anomaly prediction failed: No models trained yet
2025-09-14 17:07:26,001 - anomaly - ERROR - Anomaly prediction failed: No models trained yet
2025-09-14 17:07:28,002 - anomaly - ERROR - Anomaly prediction failed: No models trained yet
2025-09-14 17:07:28,002 - anomaly - ERROR - Anomaly prediction failed: No models trained yet
2025-09-14 17:07:28,003 - anomaly - ERROR - Anomaly prediction failed: No models trained yet
2025-09-14 17:07:28,003 - anomaly - ERROR - Anomaly prediction failed: No models trained yet
2025-09-14 17:07:28,372 - ConfigurationManager - INFO - Settings saved to C:\Users\Elnur\Desktop\STDMS\telemetry_monitor\config\app_settings.json
2025-09-14 17:07:30,004 - anomaly - ERROR - Anomaly prediction failed: No models trained yet
2025-09-14 17:07:30,005 - anomaly - ERROR - Anomaly prediction failed: No models trained yet
2025-09-14 17:07:30,005 - anomaly - ERROR - Anomaly prediction failed: No models trained yet
2025-09-14 17:07:30,005 - anomaly - ERROR - Anomaly prediction failed: No models trained yet
2025-09-14 17:07:32,006 - anomaly - ERROR - Anomaly prediction failed: No models trained yet
2025-09-14 17:07:32,007 - anomaly - ERROR - Anomaly prediction failed: No models trained yet
2025-09-14 17:07:32,008 - anomaly - ERROR - Anomaly prediction failed: No models trained yet
2025-09-14 17:07:32,008 - anomaly - ERROR - Anomaly prediction failed: No models trained yet
2025-09-14 17:07:33,390 - ConfigurationManager - INFO - Settings saved to C:\Users\Elnur\Desktop\STDMS\telemetry_monitor\config\app_settings.json
2025-09-14 17:07:34,009 - anomaly - ERROR - Anomaly prediction failed: No models trained yet
2025-09-14 17:07:34,010 - anomaly - ERROR - Anomaly prediction failed: No models trained yet
2025-09-14 17:07:34,010 - anomaly - ERROR - Anomaly prediction failed: No models trained yet
2025-09-14 17:07:34,011 - anomaly - ERROR - Anomaly prediction failed: No models trained yet
2025-09-14 17:07:36,012 - anomaly - ERROR - Anomaly prediction failed: No models trained yet
2025-09-14 17:07:36,013 - anomaly - ERROR - Anomaly prediction failed: No models trained yet
2025-09-14 17:07:36,013 - anomaly - ERROR - Anomaly prediction failed: No models trained yet
2025-09-14 17:07:36,013 - anomaly - ERROR - Anomaly prediction failed: No models trained yet
2025-09-14 17:07:38,015 - anomaly - ERROR - Anomaly prediction failed: No models trained yet
2025-09-14 17:07:38,016 - anomaly - ERROR - Anomaly prediction failed: No models trained yet
2025-09-14 17:07:38,016 - anomaly - ERROR - Anomaly prediction failed: No models trained yet
2025-09-14 17:07:38,017 - anomaly - ERROR - Anomaly prediction failed: No models trained yet
2025-09-14 17:07:38,394 - ConfigurationManager - INFO - Settings saved to C:\Users\Elnur\Desktop\STDMS\telemetry_monitor\config\app_settings.json
2025-09-14 17:07:40,018 - anomaly - ERROR - Anomaly prediction failed: No models trained yet
2025-09-14 17:07:40,019 - anomaly - ERROR - Anomaly prediction failed: No models trained yet
2025-09-14 17:07:40,020 - anomaly - ERROR - Anomaly prediction failed: No models trained yet
2025-09-14 17:07:40,021 - anomaly - ERROR - Anomaly prediction failed: No models trained yet
2025-09-14 17:07:42,025 - anomaly - ERROR - Anomaly prediction failed: No models trained yet
2025-09-14 17:07:42,026 - anomaly - ERROR - Anomaly prediction failed: No models trained yet
2025-09-14 17:07:42,026 - anomaly - ERROR - Anomaly prediction failed: No models trained yet
2025-09-14 17:07:42,027 - anomaly - ERROR - Anomaly prediction failed: No models trained yet
2025-09-14 17:07:43,405 - ConfigurationManager - INFO - Settings saved to C:\Users\Elnur\Desktop\STDMS\telemetry_monitor\config\app_settings.json
2025-09-14 17:07:44,028 - anomaly - ERROR - Anomaly prediction failed: No models trained yet
2025-09-14 17:07:44,029 - anomaly - ERROR - Anomaly prediction failed: No models trained yet
2025-09-14 17:07:44,029 - anomaly - ERROR - Anomaly prediction failed: No models trained yet
2025-09-14 17:07:44,030 - anomaly - ERROR - Anomaly prediction failed: No models trained yet
2025-09-14 17:07:46,031 - anomaly - ERROR - Anomaly prediction failed: No models trained yet
2025-09-14 17:07:46,032 - anomaly - ERROR - Anomaly prediction failed: No models trained yet
2025-09-14 17:07:46,032 - anomaly - ERROR - Anomaly prediction failed: No models trained yet
2025-09-14 17:07:46,032 - anomaly - ERROR - Anomaly prediction failed: No models trained yet
2025-09-14 17:07:48,034 - anomaly - ERROR - Anomaly prediction failed: No models trained yet
2025-09-14 17:07:48,035 - anomaly - ERROR - Anomaly prediction failed: No models trained yet
2025-09-14 17:07:48,035 - anomaly - ERROR - Anomaly prediction failed: No models trained yet
2025-09-14 17:07:48,036 - anomaly - ERROR - Anomaly prediction failed: No models trained yet
2025-09-14 17:07:48,399 - ConfigurationManager - INFO - Settings saved to C:\Users\Elnur\Desktop\STDMS\telemetry_monitor\config\app_settings.json
2025-09-14 17:07:50,037 - anomaly - ERROR - Anomaly prediction failed: No models trained yet
2025-09-14 17:07:50,038 - anomaly - ERROR - Anomaly prediction failed: No models trained yet
2025-09-14 17:07:50,038 - anomaly - ERROR - Anomaly prediction failed: No models trained yet
2025-09-14 17:07:50,038 - anomaly - ERROR - Anomaly prediction failed: No models trained yet
2025-09-14 17:07:52,040 - anomaly - ERROR - Anomaly prediction failed: No models trained yet
2025-09-14 17:07:52,040 - anomaly - ERROR - Anomaly prediction failed: No models trained yet
2025-09-14 17:07:52,041 - anomaly - ERROR - Anomaly prediction failed: No models trained yet
2025-09-14 17:07:52,041 - anomaly - ERROR - Anomaly prediction failed: No models trained yet
2025-09-14 17:07:53,406 - ConfigurationManager - INFO - Settings saved to C:\Users\Elnur\Desktop\STDMS\telemetry_monitor\config\app_settings.json
2025-09-14 17:07:54,042 - anomaly - ERROR - Anomaly prediction failed: No models trained yet
2025-09-14 17:07:54,043 - anomaly - ERROR - Anomaly prediction failed: No models trained yet
2025-09-14 17:07:54,043 - anomaly - ERROR - Anomaly prediction failed: No models trained yet
2025-09-14 17:07:54,044 - anomaly - ERROR - Anomaly prediction failed: No models trained yet
2025-09-14 17:07:56,045 - anomaly - ERROR - Anomaly prediction failed: No models trained yet
2025-09-14 17:07:56,045 - anomaly - ERROR - Anomaly prediction failed: No models trained yet
2025-09-14 17:07:56,045 - anomaly - ERROR - Anomaly prediction failed: No models trained yet
2025-09-14 17:07:56,046 - anomaly - ERROR - Anomaly prediction failed: No models trained yet
2025-09-14 17:07:58,047 - anomaly - ERROR - Anomaly prediction failed: No models trained yet
2025-09-14 17:07:58,048 - anomaly - ERROR - Anomaly prediction failed: No models trained yet
2025-09-14 17:07:58,048 - anomaly - ERROR - Anomaly prediction failed: No models trained yet
2025-09-14 17:07:58,048 - anomaly - ERROR - Anomaly prediction failed: No models trained yet
2025-09-14 17:07:58,400 - ConfigurationManager - INFO - Settings saved to C:\Users\Elnur\Desktop\STDMS\telemetry_monitor\config\app_settings.json
2025-09-14 17:08:00,049 - anomaly - ERROR - Anomaly prediction failed: No models trained yet
2025-09-14 17:08:00,050 - anomaly - ERROR - Anomaly prediction failed: No models trained yet
2025-09-14 17:08:00,051 - anomaly - ERROR - Anomaly prediction failed: No models trained yet
2025-09-14 17:08:00,051 - anomaly - ERROR - Anomaly prediction failed: No models trained yet
2025-09-14 17:08:02,052 - anomaly - ERROR - Anomaly prediction failed: No models trained yet
2025-09-14 17:08:02,053 - anomaly - ERROR - Anomaly prediction failed: No models trained yet
2025-09-14 17:08:02,053 - anomaly - ERROR - Anomaly prediction failed: No models trained yet
2025-09-14 17:08:02,054 - anomaly - ERROR - Anomaly prediction failed: No models trained yet
2025-09-14 17:08:03,412 - ConfigurationManager - INFO - Settings saved to C:\Users\Elnur\Desktop\STDMS\telemetry_monitor\config\app_settings.json
2025-09-14 17:08:04,055 - anomaly - ERROR - Anomaly prediction failed: No models trained yet
2025-09-14 17:08:04,055 - anomaly - ERROR - Anomaly prediction failed: No models trained yet
2025-09-14 17:08:04,056 - anomaly - ERROR - Anomaly prediction failed: No models trained yet
2025-09-14 17:08:04,056 - anomaly - ERROR - Anomaly prediction failed: No models trained yet
2025-09-14 17:08:06,057 - anomaly - ERROR - Anomaly prediction failed: No models trained yet
2025-09-14 17:08:06,058 - anomaly - ERROR - Anomaly prediction failed: No models trained yet
2025-09-14 17:08:06,058 - anomaly - ERROR - Anomaly prediction failed: No models trained yet
2025-09-14 17:08:06,058 - anomaly - ERROR - Anomaly prediction failed: No models trained yet
2025-09-14 17:08:08,060 - anomaly - ERROR - Anomaly prediction failed: No models trained yet
2025-09-14 17:08:08,060 - anomaly - ERROR - Anomaly prediction failed: No models trained yet
2025-09-14 17:08:08,061 - anomaly - ERROR - Anomaly prediction failed: No models trained yet
2025-09-14 17:08:08,061 - anomaly - ERROR - Anomaly prediction failed: No models trained yet
2025-09-14 17:08:08,415 - ConfigurationManager - INFO - Settings saved to C:\Users\Elnur\Desktop\STDMS\telemetry_monitor\config\app_settings.json
2025-09-14 17:08:10,062 - anomaly - ERROR - Anomaly prediction failed: No models trained yet
2025-09-14 17:08:10,063 - anomaly - ERROR - Anomaly prediction failed: No models trained yet
2025-09-14 17:08:10,064 - anomaly - ERROR - Anomaly prediction failed: No models trained yet
2025-09-14 17:08:10,064 - anomaly - ERROR - Anomaly prediction failed: No models trained yet
2025-09-14 17:08:12,065 - anomaly - ERROR - Anomaly prediction failed: No models trained yet
2025-09-14 17:08:12,066 - anomaly - ERROR - Anomaly prediction failed: No models trained yet
2025-09-14 17:08:12,067 - anomaly - ERROR - Anomaly prediction failed: No models trained yet
2025-09-14 17:08:12,067 - anomaly - ERROR - Anomaly prediction failed: No models trained yet
2025-09-14 17:08:13,267 - __main__ - ERROR - ML model training failed: 'PySide6.QtWidgets.QWidget.setWindowModality' called with wrong argument types:
  PySide6.QtWidgets.QWidget.setWindowModality(int)
Supported signatures:
  PySide6.QtWidgets.QWidget.setWindowModality(windowModality: PySide6.QtCore.Qt.WindowModality, /)
2025-09-14 17:08:13,414 - ConfigurationManager - INFO - Settings saved to C:\Users\Elnur\Desktop\STDMS\telemetry_monitor\config\app_settings.json
2025-09-14 17:08:14,068 - anomaly - ERROR - Anomaly prediction failed: No models trained yet
2025-09-14 17:08:14,069 - anomaly - ERROR - Anomaly prediction failed: No models trained yet
2025-09-14 17:08:14,069 - anomaly - ERROR - Anomaly prediction failed: No models trained yet
2025-09-14 17:08:14,069 - anomaly - ERROR - Anomaly prediction failed: No models trained yet
2025-09-14 17:08:16,070 - anomaly - ERROR - Anomaly prediction failed: No models trained yet
2025-09-14 17:08:16,071 - anomaly - ERROR - Anomaly prediction failed: No models trained yet
2025-09-14 17:08:16,072 - anomaly - ERROR - Anomaly prediction failed: No models trained yet
2025-09-14 17:08:16,072 - anomaly - ERROR - Anomaly prediction failed: No models trained yet
2025-09-14 17:08:17,060 - __main__ - INFO - Exported 1000 records to C:\Users\Elnur\Desktop\STDMS\telemetry_monitor\data\telemetry_export_20250914_170815.json
2025-09-14 17:08:18,073 - anomaly - ERROR - Anomaly prediction failed: No models trained yet
2025-09-14 17:08:18,073 - anomaly - ERROR - Anomaly prediction failed: No models trained yet
2025-09-14 17:08:18,074 - anomaly - ERROR - Anomaly prediction failed: No models trained yet
2025-09-14 17:08:18,074 - anomaly - ERROR - Anomaly prediction failed: No models trained yet
2025-09-14 17:08:18,410 - ConfigurationManager - INFO - Settings saved to C:\Users\Elnur\Desktop\STDMS\telemetry_monitor\config\app_settings.json
2025-09-14 17:08:18,557 - ingestion - INFO - Simulator data cleared
2025-09-14 17:08:18,557 - __main__ - INFO - All data cleared
2025-09-14 17:08:20,075 - ingestion - INFO - Telemetry simulation loop ended
2025-09-14 17:08:20,108 - storage - INFO - Background storage loop ended
2025-09-14 17:08:20,110 - storage - INFO - Background storage service stopped
2025-09-14 17:08:20,110 - ingestion - INFO - Database storage service stopped
2025-09-14 17:08:20,111 - ingestion - INFO - Telemetry simulator stopped
2025-09-14 17:08:20,111 - __main__ - INFO - Telemetry simulator stopped
2025-09-14 17:08:20,317 - storage - INFO - Background storage loop started
2025-09-14 17:08:20,317 - storage - INFO - Background storage service started
2025-09-14 17:08:20,317 - ingestion - INFO - Database storage service started
2025-09-14 17:08:20,318 - ingestion - INFO - Starting telemetry simulation loop
2025-09-14 17:08:20,318 - ingestion - INFO - Telemetry simulator started
2025-09-14 17:08:20,318 - anomaly - ERROR - Anomaly prediction failed: No models trained yet
2025-09-14 17:08:20,318 - __main__ - INFO - Telemetry simulator started
2025-09-14 17:08:20,319 - anomaly - ERROR - Anomaly prediction failed: No models trained yet
2025-09-14 17:08:20,319 - anomaly - ERROR - Anomaly prediction failed: No models trained yet
2025-09-14 17:08:20,320 - anomaly - ERROR - Anomaly prediction failed: No models trained yet
2025-09-14 17:08:22,321 - anomaly - ERROR - Anomaly prediction failed: No models trained yet
2025-09-14 17:08:22,322 - anomaly - ERROR - Anomaly prediction failed: No models trained yet
2025-09-14 17:08:22,322 - anomaly - ERROR - Anomaly prediction failed: No models trained yet
2025-09-14 17:08:22,323 - anomaly - ERROR - Anomaly prediction failed: No models trained yet
2025-09-14 17:08:23,418 - ConfigurationManager - INFO - Settings saved to C:\Users\Elnur\Desktop\STDMS\telemetry_monitor\config\app_settings.json
2025-09-14 17:08:23,476 - RealTimeVisualizationWidget - INFO - Live plotting paused
2025-09-14 17:08:24,148 - RealTimeVisualizationWidget - INFO - Live plotting resumed
2025-09-14 17:08:24,324 - anomaly - ERROR - Anomaly prediction failed: No models trained yet
2025-09-14 17:08:24,325 - anomaly - ERROR - Anomaly prediction failed: No models trained yet
2025-09-14 17:08:24,325 - anomaly - ERROR - Anomaly prediction failed: No models trained yet
2025-09-14 17:08:24,326 - anomaly - ERROR - Anomaly prediction failed: No models trained yet
2025-09-14 17:08:26,331 - anomaly - ERROR - Anomaly prediction failed: No models trained yet
2025-09-14 17:08:26,331 - anomaly - ERROR - Anomaly prediction failed: No models trained yet
2025-09-14 17:08:26,332 - anomaly - ERROR - Anomaly prediction failed: No models trained yet
2025-09-14 17:08:26,332 - anomaly - ERROR - Anomaly prediction failed: No models trained yet
2025-09-14 17:08:26,496 - RealTimeVisualizationWidget - INFO - Max points updated to 501
2025-09-14 17:08:26,623 - RealTimeVisualizationWidget - INFO - Max points updated to 502
2025-09-14 17:08:28,333 - anomaly - ERROR - Anomaly prediction failed: No models trained yet
2025-09-14 17:08:28,333 - anomaly - ERROR - Anomaly prediction failed: No models trained yet
2025-09-14 17:08:28,334 - anomaly - ERROR - Anomaly prediction failed: No models trained yet
2025-09-14 17:08:28,334 - anomaly - ERROR - Anomaly prediction failed: No models trained yet
2025-09-14 17:08:28,426 - ConfigurationManager - INFO - Settings saved to C:\Users\Elnur\Desktop\STDMS\telemetry_monitor\config\app_settings.json
2025-09-14 17:08:28,494 - RealTimeVisualizationWidget - INFO - Max points updated to 100
2025-09-14 17:08:28,629 - RealTimeVisualizationWidget - INFO - Max points updated to 1000
2025-09-14 17:08:30,335 - anomaly - ERROR - Anomaly prediction failed: No models trained yet
2025-09-14 17:08:30,336 - anomaly - ERROR - Anomaly prediction failed: No models trained yet
2025-09-14 17:08:30,337 - anomaly - ERROR - Anomaly prediction failed: No models trained yet
2025-09-14 17:08:30,337 - anomaly - ERROR - Anomaly prediction failed: No models trained yet
2025-09-14 17:08:32,031 - RealTimeVisualizationWidget - INFO - Live plotting paused
2025-09-14 17:08:32,338 - anomaly - ERROR - Anomaly prediction failed: No models trained yet
2025-09-14 17:08:32,339 - anomaly - ERROR - Anomaly prediction failed: No models trained yet
2025-09-14 17:08:32,339 - anomaly - ERROR - Anomaly prediction failed: No models trained yet
2025-09-14 17:08:32,340 - anomaly - ERROR - Anomaly prediction failed: No models trained yet
2025-09-14 17:08:32,511 - RealTimeVisualizationWidget - INFO - Live plotting resumed
2025-09-14 17:08:33,437 - ConfigurationManager - INFO - Settings saved to C:\Users\Elnur\Desktop\STDMS\telemetry_monitor\config\app_settings.json
2025-09-14 17:08:34,341 - anomaly - ERROR - Anomaly prediction failed: No models trained yet
2025-09-14 17:08:34,342 - anomaly - ERROR - Anomaly prediction failed: No models trained yet
2025-09-14 17:08:34,342 - anomaly - ERROR - Anomaly prediction failed: No models trained yet
2025-09-14 17:08:34,343 - anomaly - ERROR - Anomaly prediction failed: No models trained yet
2025-09-14 17:08:36,343 - anomaly - ERROR - Anomaly prediction failed: No models trained yet
2025-09-14 17:08:36,344 - anomaly - ERROR - Anomaly prediction failed: No models trained yet
2025-09-14 17:08:36,344 - anomaly - ERROR - Anomaly prediction failed: No models trained yet
2025-09-14 17:08:36,345 - anomaly - ERROR - Anomaly prediction failed: No models trained yet
2025-09-14 17:08:38,346 - anomaly - ERROR - Anomaly prediction failed: No models trained yet
2025-09-14 17:08:38,346 - anomaly - ERROR - Anomaly prediction failed: No models trained yet
2025-09-14 17:08:38,347 - anomaly - ERROR - Anomaly prediction failed: No models trained yet
2025-09-14 17:08:38,348 - anomaly - ERROR - Anomaly prediction failed: No models trained yet
2025-09-14 17:08:38,428 - ConfigurationManager - INFO - Settings saved to C:\Users\Elnur\Desktop\STDMS\telemetry_monitor\config\app_settings.json
2025-09-14 17:08:40,348 - anomaly - ERROR - Anomaly prediction failed: No models trained yet
2025-09-14 17:08:40,349 - anomaly - ERROR - Anomaly prediction failed: No models trained yet
2025-09-14 17:08:40,349 - anomaly - ERROR - Anomaly prediction failed: No models trained yet
2025-09-14 17:08:40,350 - anomaly - ERROR - Anomaly prediction failed: No models trained yet
2025-09-14 17:08:42,351 - anomaly - ERROR - Anomaly prediction failed: No models trained yet
2025-09-14 17:08:42,352 - anomaly - ERROR - Anomaly prediction failed: No models trained yet
2025-09-14 17:08:42,352 - anomaly - ERROR - Anomaly prediction failed: No models trained yet
2025-09-14 17:08:42,352 - anomaly - ERROR - Anomaly prediction failed: No models trained yet
2025-09-14 17:08:43,429 - ConfigurationManager - INFO - Settings saved to C:\Users\Elnur\Desktop\STDMS\telemetry_monitor\config\app_settings.json
2025-09-14 17:08:44,354 - anomaly - ERROR - Anomaly prediction failed: No models trained yet
2025-09-14 17:08:44,354 - anomaly - ERROR - Anomaly prediction failed: No models trained yet
2025-09-14 17:08:44,355 - anomaly - ERROR - Anomaly prediction failed: No models trained yet
2025-09-14 17:08:44,355 - anomaly - ERROR - Anomaly prediction failed: No models trained yet
2025-09-14 17:08:46,356 - anomaly - ERROR - Anomaly prediction failed: No models trained yet
2025-09-14 17:08:46,356 - anomaly - ERROR - Anomaly prediction failed: No models trained yet
2025-09-14 17:08:46,357 - anomaly - ERROR - Anomaly prediction failed: No models trained yet
2025-09-14 17:08:46,357 - anomaly - ERROR - Anomaly prediction failed: No models trained yet
2025-09-14 17:08:48,362 - anomaly - ERROR - Anomaly prediction failed: No models trained yet
2025-09-14 17:08:48,362 - anomaly - ERROR - Anomaly prediction failed: No models trained yet
2025-09-14 17:08:48,363 - anomaly - ERROR - Anomaly prediction failed: No models trained yet
2025-09-14 17:08:48,363 - anomaly - ERROR - Anomaly prediction failed: No models trained yet
2025-09-14 17:08:48,433 - ConfigurationManager - INFO - Settings saved to C:\Users\Elnur\Desktop\STDMS\telemetry_monitor\config\app_settings.json
2025-09-14 17:08:50,364 - anomaly - ERROR - Anomaly prediction failed: No models trained yet
2025-09-14 17:08:50,364 - anomaly - ERROR - Anomaly prediction failed: No models trained yet
2025-09-14 17:08:50,365 - anomaly - ERROR - Anomaly prediction failed: No models trained yet
2025-09-14 17:08:50,365 - anomaly - ERROR - Anomaly prediction failed: No models trained yet
2025-09-14 17:08:52,209 - __main__ - INFO - Closing Telemetry Monitor Application
2025-09-14 17:08:52,366 - ingestion - INFO - Telemetry simulation loop ended
2025-09-14 17:08:52,420 - storage - INFO - Background storage loop ended
2025-09-14 17:08:52,421 - storage - INFO - Background storage service stopped
2025-09-14 17:08:52,422 - ingestion - INFO - Database storage service stopped
2025-09-14 17:08:52,422 - ingestion - INFO - Telemetry simulator stopped
